// Jest Snapshot v1, https://goo.gl/fbAQLP

exports[`<NavList /> renders correctly 1`] = `
<ul
  className="navbarList"
>
  <li
    className="navbarItem"
    key="/link1"
  >
    <Link
      href="/link1"
    >
      <a
        className="navbarLink"
        href="/link1"
      >
        Link1
      </a>
    </Link>
  </li>
  <li
    className="navbarItem"
    key="/link2"
  >
    <Link
      href="/link2"
    >
      <a
        className="navbarLink"
        href="/link2"
      >
        Link2
      </a>
    </Link>
  </li>
</ul>
`;
