// Jest Snapshot v1, https://goo.gl/fbAQLP

exports[`<About /> renders correctly 1`] = `
<div
  dangerouslySetInnerHTML={
    Object {
      "__html": "<p>about</p>",
    }
  }
/>
`;

exports[`<About /> renders correctly on error 1`] = `
<div>
  Kunne ikke laste inn siden.
</div>
`;

exports[`<About /> renders correctly while loading 1`] = `<Loader />`;
