// Jest Snapshot v1, https://goo.gl/fbAQLP

exports[`<NewEpisode /> renders correctly 1`] = `
<div
  className="episode"
  onClick={[Function]}
  onKeyPress={[Function]}
>
  <div
    className="playbuttonbox"
  >
    <PlayPauseButton
      black={true}
      paused={true}
    />
  </div>
  <div
    className="meta"
  >
    <div
      className="title"
    >
      Episode title
    </div>
    <div
      className="expandable"
      dangerouslySetInnerHTML={
        Object {
          "__html": "Episode lead",
        }
      }
      style={
        Object {
          "display": "none",
        }
      }
    />
    <div
      className="publishedAt"
    >
      Publisert: 
      08.09.2014
    </div>
  </div>
  <div
    className="expanderbox"
  >
    <Expander
      expandFunction={[Function]}
      expanded={false}
    />
  </div>
</div>
`;

exports[`<NewEpisode /> should return null on invalid digasBroadcastId 1`] = `""`;
