// Jest Snapshot v1, https://goo.gl/fbAQLP

exports[`<ShowHeader /> renders correctly 1`] = `
<div
  className="container"
>
  <div
    className="imageWrapper"
  >
    <img
      alt="Title"
      className="image"
      src="Image url"
    />
  </div>
  <div
    className="showText"
  >
    <h2
      className="title"
    >
      Title
    </h2>
    <div
      dangerouslySetInnerHTML={
        Object {
          "__html": "<p>Content</p>",
        }
      }
    />
  </div>
  <div
    className="categories"
  >
    <span>
      Kategorier: 
    </span>
    <span
      key="0"
    >
      category1
    </span>
    <span
      key="1"
    >
      category2
    </span>
  </div>
</div>
`;
