// Jest Snapshot v1, https://goo.gl/fbAQLP

exports[`<Episode /> renders correctly 1`] = `
<div
  className="episode"
  onClick={[Function]}
  onKeyPress={[Function]}
>
  <PlayPauseButton
    paused={true}
  />
  <div
    className="meta"
  >
    <div
      className="title"
    >
      Episode title
    </div>
    <div
      className="lead"
      dangerouslySetInnerHTML={
        Object {
          "__html": "Episode lead",
        }
      }
    />
  </div>
</div>
`;

exports[`<Episode /> should return null on invalid digasBroadcastId 1`] = `""`;
