// Jest Snapshot v1, https://goo.gl/fbAQLP

exports[`<PrivacyPolicy /> renders correctly 1`] = `
<div
  dangerouslySetInnerHTML={
    Object {
      "__html": "<p>privacyPolicy</p>",
    }
  }
/>
`;

exports[`<PrivacyPolicy /> renders correctly on error 1`] = `
<div>
  Kunne ikke laste inn siden.
</div>
`;

exports[`<PrivacyPolicy /> renders correctly while loading 1`] = `<Loader />`;
