// Jest Snapshot v1, https://goo.gl/fbAQLP

exports[`<PrivacyPolicy /> renders correctly 1`] = `
<div>
  <h1>
    Personvernerklæring
  </h1>
  <p>
    Sist oppdatert: 12. September 2018
  </p>
  <p>
    Denne personvernerklæringen forklarer hvordan Radio Revolt (radiorevolt.no, Radio Revolt på iOS og Radio Revolt på Android) samler inn, behandler og bruker personopplysninger. Erklæringen inneholder opplysninger du har krav på når det samles inn opplysninger fra nettsted og apper (personopplysningsloven § 19) samt generell informasjon om hvordan vi behandler personopplysninger (personopplysningsloven § 18 første ledd). Radio Revolt har ansvar for å følge personopplysningsloven.
  </p>
  <h2>
    Behandlingsansvarlig
  </h2>
  <p>
    Daglig leder for Studentmediene i Trondheim AS er overordnet behandlingsansvarlig for Radio Revolt. Radioredaktør for Radio Revolt er delegert de daglige oppgavene for behandling av personopplysninger. Delegeringen omfatter kun oppgavene og ikke ansvaret. Radioredaktør kan kontaktes på 
    <a
      href="mailto:redaktor@radiorevolt.no"
    >
      epost
    </a>
    .
  </p>
  <h2>
    Bruk av informasjonskapsler
  </h2>
  <p>
    Informasjonskapsler (cookies) er små tekstfiler som plasseres på din datamaskin når du laster ned en nettside.
  </p>
  <p>
    Radio Revolt benytter ingen informasjonskapsler.
  </p>
  <h2>
    Personopplysninger
  </h2>
  <p>
    Radio Revolt lagrer ingen personopplysninger.
  </p>
</div>
`;
