// Jest Snapshot v1, https://goo.gl/fbAQLP

exports[`<EmbeddedEpisode /> renders correctly 1`] = `
<div
  className="episode"
  onClick={[Function]}
  onKeyPress={[Function]}
>
  <div
    className="playbuttonbox"
  >
    <PlayPauseButton
      paused={true}
    />
  </div>
  <div
    className="meta"
  >
    <div
      className="title"
    >
      Episode title
    </div>
    <div
      className="lead"
      dangerouslySetInnerHTML={
        Object {
          "__html": "Episode lead",
        }
      }
    />
    <div
      className="publishedAt"
    >
      Publisert: 
      08.09.2014
    </div>
  </div>
</div>
`;

exports[`<EmbeddedEpisode /> should return null on invalid digasBroadcastId 1`] = `""`;
