// Jest Snapshot v1, https://goo.gl/fbAQLP

exports[`<HeaderPlayButton /> renders correctly 1`] = `
<div
  className="container"
>
  <div
    className="playButton"
  >
    <PlayPauseButton
      paused={true}
      togglePlayPause={[MockFunction]}
    />
    <div
      className="buttonText"
    >
      <div
        className="largeText"
      >
        Lytt direkte!
      </div>
      <div
        className="smallText"
      />
    </div>
  </div>
</div>
`;
