// Jest Snapshot v1, https://goo.gl/fbAQLP

exports[`<HeaderPlayButton /> renders correctly 1`] = `
<button
  className="container"
  onClick={[Function]}
>
  <Head>
    <title
      key="title"
    >
      Radio Revolt
    </title>
  </Head>
  <PlayPauseButton
    paused={true}
  />
  <div
    className="buttonText"
  >
    <div
      className="largeText"
    >
      Lytt direkte!
    </div>
    <div
      className="smallText"
    >
       Current show
    </div>
  </div>
</button>
`;
