// Jest Snapshot v1, https://goo.gl/fbAQLP

exports[`<HeaderPlayButton /> renders correctly 1`] = `
<div
  className="container"
  onClick={[Function]}
>
  <PlayPauseButton
    paused={true}
  />
  <div
    className="buttonText"
  >
    <div
      className="largeText"
    >
      Lytt direkte!
    </div>
    <div
      className="smallText"
    />
  </div>
</div>
`;
