// Jest Snapshot v1, https://goo.gl/fbAQLP

exports[`<LeftHeader /> renders correctly 1`] = `
<Fragment>
  <div
    className="largeNavContainer"
  >
    <NavList
      links={
        Array [
          Object {
            "path": "/programmer",
            "title": "Programmer",
          },
          Object {
            "path": "/sendeplan",
            "title": "Sendeplan",
          },
        ]
      }
    />
  </div>
  <div
    className="smallNavContainer"
  >
    <HamburgerMenu />
  </div>
</Fragment>
`;
