// Jest Snapshot v1, https://goo.gl/fbAQLP

exports[`<Footer /> renders correctly 1`] = `
<div
  className="footer"
>
  <div
    className="content"
  >
    <div>
      Denne tjenesten tilbys av Studentmediene i Trondheim AS. Musikken er gjengitt med tilatelse fra TONO/NCB.
    </div>
    <div>
      Uautorisert lenking, videreføring eller kopiering er ulovlig.
    </div>
    <br />
    <div
      className="bold"
    >
      Kontakt oss
    </div>
    <a
      className="footerLink"
      href="mailto:redaktor@radiorevolt.no"
    >
      Radioredaktør: 
      radioEditor
    </a>
    <a
      className="footerLink"
      href="mailto:ansvarligredaktor@studentmediene.no"
    >
      Ansvarlig redaktør: 
      chiefEditor
    </a>
    <a
      className="footerLink"
      href="mailto:musikkprodusent@studentmediene.no"
    >
      Musikkprodusent: 
      musicProducer
    </a>
    <br />
    <div
      className="socialMediaLinks"
    >
      <SocialMediaContainer />
      <br />
    </div>
    <Link
      className="footerLink"
      replace={false}
      to="/om"
    >
      Om oss
    </Link>
    <Link
      className="footerLink"
      replace={false}
      to="/personvern"
    >
      Personvern
    </Link>
    <p>
      2019
       © Radio Revolt
    </p>
  </div>
</div>
`;

exports[`<Footer /> renders correctly on error 1`] = `
<div
  className="footer"
>
  <div
    className="content"
  >
    <div>
      Denne tjenesten tilbys av Studentmediene i Trondheim AS. Musikken er gjengitt med tilatelse fra TONO/NCB.
    </div>
    <div>
      Uautorisert lenking, videreføring eller kopiering er ulovlig.
    </div>
    <br />
    <div
      className="bold"
    >
      Kontakt oss
    </div>
    <a
      className="footerLink"
      href="mailto:redaktor@radiorevolt.no"
    >
      Radioredaktør: 
      radioEditor
    </a>
    <a
      className="footerLink"
      href="mailto:ansvarligredaktor@studentmediene.no"
    >
      Ansvarlig redaktør: 
      chiefEditor
    </a>
    <a
      className="footerLink"
      href="mailto:musikkprodusent@studentmediene.no"
    >
      Musikkprodusent: 
      musicProducer
    </a>
    <br />
    <div
      className="socialMediaLinks"
    >
      <SocialMediaContainer />
      <br />
    </div>
    <Link
      className="footerLink"
      replace={false}
      to="/om"
    >
      Om oss
    </Link>
    <Link
      className="footerLink"
      replace={false}
      to="/personvern"
    >
      Personvern
    </Link>
    <p>
      2019
       © Radio Revolt
    </p>
  </div>
</div>
`;

exports[`<Footer /> renders correctly while loading 1`] = `
<div
  className="footer"
>
  <div
    className="content"
  >
    <div>
      Denne tjenesten tilbys av Studentmediene i Trondheim AS. Musikken er gjengitt med tilatelse fra TONO/NCB.
    </div>
    <div>
      Uautorisert lenking, videreføring eller kopiering er ulovlig.
    </div>
    <br />
    <div
      className="bold"
    >
      Kontakt oss
    </div>
    <a
      className="footerLink"
      href="mailto:redaktor@radiorevolt.no"
    >
      Radioredaktør: 
      radioEditor
    </a>
    <a
      className="footerLink"
      href="mailto:ansvarligredaktor@studentmediene.no"
    >
      Ansvarlig redaktør: 
      chiefEditor
    </a>
    <a
      className="footerLink"
      href="mailto:musikkprodusent@studentmediene.no"
    >
      Musikkprodusent: 
      musicProducer
    </a>
    <br />
    <div
      className="socialMediaLinks"
    >
      <SocialMediaContainer />
      <br />
    </div>
    <Link
      className="footerLink"
      replace={false}
      to="/om"
    >
      Om oss
    </Link>
    <Link
      className="footerLink"
      replace={false}
      to="/personvern"
    >
      Personvern
    </Link>
    <p>
      2019
       © Radio Revolt
    </p>
  </div>
</div>
`;
