// Jest Snapshot v1, https://goo.gl/fbAQLP

exports[`<Footer /> renders correctly 1`] = `
<footer
  className="footer"
>
  <div
    className="content"
  >
    <p>
      Denne tjenesten tilbys av Studentmediene i Trondheim AS. Musikken er gjengitt med tillatelse fra TONO/NCB.
      <br />
      Uautorisert lenking, videreføring eller kopiering er ulovlig.
    </p>
    <span
      className="vtSupportText"
    >
      Radio Revolt er laget med støtte fra Velferdstinget
    </span>
    <a
      href="https://velferdstinget.no/"
      rel="noopener noreferrer"
      target="_blank"
    >
      <img
        alt="Velferdstinget logo"
        className="vtLogo"
        src="/assets/vt-logo.svg"
      />
    </a>
  </div>
  <div
    className="content"
  >
    <h2
      className="contactHeader"
    >
      Kontakt oss
    </h2>
    <a
      className="footerLink"
      href="mailto:radioredaktor@studentmediene.no"
    >
      Radioredaktør: 
      radioEditor
    </a>
    <a
      className="footerLink"
      href="mailto:ansvarligredaktor@studentmediene.no"
    >
      Ansvarlig redaktør: 
      chiefEditor
    </a>
    <a
      className="footerLink"
      href="mailto:musikkprodusent@studentmediene.no"
    >
      Musikkprodusent: 
      musicProducer
    </a>
    <br />
    <div
      className="socialMediaLinks"
    >
      <SocialMediaContainer />
      <br />
    </div>
    <Link
      href="/om"
    >
      <a
        className="footerLink"
        href="/om"
      >
        Om oss
      </a>
    </Link>
    <Link
      href="/personvern"
    >
      <a
        className="footerLink"
        href="/personvern"
      >
        Personvern
      </a>
    </Link>
    <p>
      2020
       © Radio Revolt
    </p>
  </div>
</footer>
`;

exports[`<Footer /> renders correctly on error 1`] = `
<footer
  className="footer"
>
  <div
    className="content"
  >
    <p>
      Denne tjenesten tilbys av Studentmediene i Trondheim AS. Musikken er gjengitt med tillatelse fra TONO/NCB.
      <br />
      Uautorisert lenking, videreføring eller kopiering er ulovlig.
    </p>
    <span
      className="vtSupportText"
    >
      Radio Revolt er laget med støtte fra Velferdstinget
    </span>
    <a
      href="https://velferdstinget.no/"
      rel="noopener noreferrer"
      target="_blank"
    >
      <img
        alt="Velferdstinget logo"
        className="vtLogo"
        src="/assets/vt-logo.svg"
      />
    </a>
  </div>
  <div
    className="content"
  >
    <h2
      className="contactHeader"
    >
      Kontakt oss
    </h2>
    <a
      className="footerLink"
      href="mailto:radioredaktor@studentmediene.no"
    >
      Radioredaktør: 
      radioEditor
    </a>
    <a
      className="footerLink"
      href="mailto:ansvarligredaktor@studentmediene.no"
    >
      Ansvarlig redaktør: 
      chiefEditor
    </a>
    <a
      className="footerLink"
      href="mailto:musikkprodusent@studentmediene.no"
    >
      Musikkprodusent: 
      musicProducer
    </a>
    <br />
    <div
      className="socialMediaLinks"
    >
      <SocialMediaContainer />
      <br />
    </div>
    <Link
      href="/om"
    >
      <a
        className="footerLink"
        href="/om"
      >
        Om oss
      </a>
    </Link>
    <Link
      href="/personvern"
    >
      <a
        className="footerLink"
        href="/personvern"
      >
        Personvern
      </a>
    </Link>
    <p>
      2020
       © Radio Revolt
    </p>
  </div>
</footer>
`;

exports[`<Footer /> renders correctly while loading 1`] = `
<footer
  className="footer"
>
  <div
    className="content"
  >
    <p>
      Denne tjenesten tilbys av Studentmediene i Trondheim AS. Musikken er gjengitt med tillatelse fra TONO/NCB.
      <br />
      Uautorisert lenking, videreføring eller kopiering er ulovlig.
    </p>
    <span
      className="vtSupportText"
    >
      Radio Revolt er laget med støtte fra Velferdstinget
    </span>
    <a
      href="https://velferdstinget.no/"
      rel="noopener noreferrer"
      target="_blank"
    >
      <img
        alt="Velferdstinget logo"
        className="vtLogo"
        src="/assets/vt-logo.svg"
      />
    </a>
  </div>
  <div
    className="content"
  >
    <h2
      className="contactHeader"
    >
      Kontakt oss
    </h2>
    <a
      className="footerLink"
      href="mailto:radioredaktor@studentmediene.no"
    >
      Radioredaktør: 
      radioEditor
    </a>
    <a
      className="footerLink"
      href="mailto:ansvarligredaktor@studentmediene.no"
    >
      Ansvarlig redaktør: 
      chiefEditor
    </a>
    <a
      className="footerLink"
      href="mailto:musikkprodusent@studentmediene.no"
    >
      Musikkprodusent: 
      musicProducer
    </a>
    <br />
    <div
      className="socialMediaLinks"
    >
      <SocialMediaContainer />
      <br />
    </div>
    <Link
      href="/om"
    >
      <a
        className="footerLink"
        href="/om"
      >
        Om oss
      </a>
    </Link>
    <Link
      href="/personvern"
    >
      <a
        className="footerLink"
        href="/personvern"
      >
        Personvern
      </a>
    </Link>
    <p>
      2020
       © Radio Revolt
    </p>
  </div>
</footer>
`;
