// Jest Snapshot v1, https://goo.gl/fbAQLP

exports[`<ImageLink /> renders correctly 1`] = `
<Link
  href="/link/to/resource"
>
  <a
    href="/link/to/resource"
  >
    <LazyLoad
      height={350}
      offset={100}
      once={true}
      overflow={false}
      resize={false}
      scroll={true}
      unmountIfInvisible={false}
    >
      <img
        alt=" img description"
        className="image"
        src="/large.jpg"
        srcSet="/large.jpg 1024w, /medium.jpg 768w, /small.jpg 300w"
      />
    </LazyLoad>
    <div>
      Hello world!
    </div>
  </a>
</Link>
`;
